2026-06-24T16:30:33.716+03:00  INFO 6788 --- [main] c.e.timetracker.TimeTrackerApplication   : Starting TimeTrackerApplication using Java 17.0.15 with PID 6788 (D:\Projects\time-tracker\build\classes\java\main started by warew in D:\Projects\time-tracker)
2026-06-24T16:30:33.725+03:00  INFO 6788 --- [main] c.e.timetracker.TimeTrackerApplication   : No active profile set, falling back to 1 default profile: "default"
2026-06-24T16:30:33.786+03:00  INFO 6788 --- [main] .s.b.d.c.l.DockerComposeLifecycleManager : Using Docker Compose file D:\Projects\time-tracker\docker-compose.yaml
2026-06-24T16:30:34.306+03:00 ERROR 6788 --- [main] o.s.boot.SpringApplication               : Application run failed

org.springframework.boot.docker.compose.core.ProcessExitException: 'docker version --format {{.Client.Version}}' failed with exit code 1.

Stdout:
28.0.4


Stderr:
error during connect: Get "http://%2F%2F.%2Fpipe%2FdockerDesktopLinuxEngine/v1.48/version": open //./pipe/dockerDesktopLinuxEngine: The system cannot find the file specified.

	at org.springframework.boot.docker.compose.core.ProcessRunner.run(ProcessRunner.java:98) ~[spring-boot-docker-compose-4.0.6.jar:4.0.6]
	at org.springframework.boot.docker.compose.core.ProcessRunner.run(ProcessRunner.java:76) ~[spring-boot-docker-compose-4.0.6.jar:4.0.6]
	at org.springframework.boot.docker.compose.core.DockerCli$DockerCommands.getDockerCommand(DockerCli.java:147) ~[spring-boot-docker-compose-4.0.6.jar:4.0.6]
	at org.springframework.boot.docker.compose.core.DockerCli$DockerCommands.<init>(DockerCli.java:141) ~[spring-boot-docker-compose-4.0.6.jar:4.0.6]
	at org.springframework.boot.docker.compose.core.DockerCli.lambda$new$0(DockerCli.java:67) ~[spring-boot-docker-compose-4.0.6.jar:4.0.6]
	at java.base/java.util.HashMap.computeIfAbsent(HashMap.java:1220) ~[na:na]
	at org.springframework.boot.docker.compose.core.DockerCli.<init>(DockerCli.java:66) ~[spring-boot-docker-compose-4.0.6.jar:4.0.6]
	at org.springframework.boot.docker.compose.core.DockerCompose.get(DockerCompose.java:147) ~[spring-boot-docker-compose-4.0.6.jar:4.0.6]
	at org.springframework.boot.docker.compose.lifecycle.DockerComposeLifecycleManager.getDockerCompose(DockerComposeLifecycleManager.java:166) ~[spring-boot-docker-compose-4.0.6.jar:4.0.6]
	at org.springframework.boot.docker.compose.lifecycle.DockerComposeLifecycleManager.start(DockerComposeLifecycleManager.java:114) ~[spring-boot-docker-compose-4.0.6.jar:4.0.6]
	at org.springframework.boot.docker.compose.lifecycle.DockerComposeListener.onApplicationEvent(DockerComposeListener.java:53) ~[spring-boot-docker-compose-4.0.6.jar:4.0.6]
	at org.springframework.boot.docker.compose.lifecycle.DockerComposeListener.onApplicationEvent(DockerComposeListener.java:35) ~[spring-boot-docker-compose-4.0.6.jar:4.0.6]
	at org.springframework.context.event.SimpleApplicationEventMulticaster.doInvokeListener(SimpleApplicationEventMulticaster.java:180) ~[spring-context-7.0.7.jar:7.0.7]
	at org.springframework.context.event.SimpleApplicationEventMulticaster.invokeListener(SimpleApplicationEventMulticaster.java:173) ~[spring-context-7.0.7.jar:7.0.7]
	at org.springframework.context.event.SimpleApplicationEventMulticaster.multicastEvent(SimpleApplicationEventMulticaster.java:151) ~[spring-context-7.0.7.jar:7.0.7]
	at org.springframework.context.event.SimpleApplicationEventMulticaster.multicastEvent(SimpleApplicationEventMulticaster.java:133) ~[spring-context-7.0.7.jar:7.0.7]
	at org.springframework.boot.context.event.EventPublishingRunListener.multicastInitialEvent(EventPublishingRunListener.java:137) ~[spring-boot-4.0.6.jar:4.0.6]
	at org.springframework.boot.context.event.EventPublishingRunListener.contextLoaded(EventPublishingRunListener.java:99) ~[spring-boot-4.0.6.jar:4.0.6]
	at org.springframework.boot.SpringApplicationRunListeners.lambda$contextLoaded$0(SpringApplicationRunListeners.java:74) ~[spring-boot-4.0.6.jar:4.0.6]
	at java.base/java.lang.Iterable.forEach(Iterable.java:75) ~[na:na]
	at org.springframework.boot.SpringApplicationRunListeners.doWithListeners(SpringApplicationRunListeners.java:123) ~[spring-boot-4.0.6.jar:4.0.6]
	at org.springframework.boot.SpringApplicationRunListeners.doWithListeners(SpringApplicationRunListeners.java:117) ~[spring-boot-4.0.6.jar:4.0.6]
	at org.springframework.boot.SpringApplicationRunListeners.contextLoaded(SpringApplicationRunListeners.java:74) ~[spring-boot-4.0.6.jar:4.0.6]
	at org.springframework.boot.SpringApplication.prepareContext(SpringApplication.java:418) ~[spring-boot-4.0.6.jar:4.0.6]
	at org.springframework.boot.SpringApplication.run(SpringApplication.java:320) ~[spring-boot-4.0.6.jar:4.0.6]
	at org.springframework.boot.SpringApplication.run(SpringApplication.java:1365) ~[spring-boot-4.0.6.jar:4.0.6]
	at org.springframework.boot.SpringApplication.run(SpringApplication.java:1354) ~[spring-boot-4.0.6.jar:4.0.6]
	at com.example.timetracker.TimeTrackerApplication.main(TimeTrackerApplication.java:10) ~[main/:na]

